// Jest Snapshot v1, https://goo.gl/fbAQLP

exports[`install-file-as-default-no-semver 1`] = `
"{
  \\"author\\": \\"AJ ONeal <coolaj86@gmail.com> (http://coolaj86.info)\\",
  \\"name\\": \\"foo\\",
  \\"description\\": \\"A test module with no \`main\`, \`lib\`, or \`dependencies\` specified\\",
  \\"version\\": \\"1.0.0\\",
  \\"repository\\": {
    \\"type\\": \\"git\\",
    \\"url\\": \\"git://github.com/coolaj86/node-pakman.git\\"
  },
  \\"engines\\": {
    \\"node\\": \\">= v0.2\\"
  }
}
"
`;
