exports[`test TarballFetcher.fetch throws on invalid hash 1`] = `"https://github.com/sindresorhus/beeper/archive/master.tar.gz: Bad hash. Expected \"foo\" but got \"a32262ca1e22a3746b970936d3944b4bfd6cb9e9\" "`;
